{"list_n_find": [], "bill_n_find": [], "finans_err": [], "docs": [], "time_pay": [], "duplicates": []}